Request method:	POST
Request URI:	https://fakestoreapi.com/products
Proxy:			<none>
Request params:	<none>
Query params:	<none>
Form params:	<none>
Path params:	<none>
Headers:		Accept=application/json, application/javascript, text/javascript, text/json
				User-Agent=Mozilla/5.0 (Windows NT 10.0; Win64; x64)
				Connection=keep-alive
				Content-Type=application/json
Cookies:		<none>
Multiparts:		<none>
Body:
{
    "id": 2,
    "title": "titleya3sl",
    "price": 0.1,
    "description": "NNNBBBEEE-valid-notUploaded",
    "category": "string",
    "image": "http://example.com"
}
Request method:	POST
Request URI:	https://fakestoreapi.com/products
Proxy:			<none>
Request params:	<none>
Query params:	<none>
Form params:	<none>
Path params:	<none>
Headers:		Accept=application/json, application/javascript, text/javascript, text/json
				User-Agent=Mozilla/5.0 (Windows NT 10.0; Win64; x64)
				Connection=keep-alive
				Content-Type=application/json
Cookies:		<none>
Multiparts:		<none>
Body:
{
    "id": 2,
    "title": "titleya3sl",
    "price": 0.1,
    "description": "NNNBBBEEE-valid-notUploaded",
    "category": "string",
    "image": "http://example.com"
}
Request method:	POST
Request URI:	https://fakestoreapi.com/products
Proxy:			<none>
Request params:	<none>
Query params:	<none>
Form params:	<none>
Path params:	<none>
Headers:		Accept=application/json, application/javascript, text/javascript, text/json
				User-Agent=Mozilla/5.0 (Windows NT 10.0; Win64; x64)
				Connection=keep-alive
				Content-Type=application/json
Cookies:		<none>
Multiparts:		<none>
Body:
{
    "id": 2,
    "title": "titleya3sl",
    "price": 0.1,
    "description": "NNNBBBEEE-valid-notUploaded",
    "category": "string",
    "image": "http://example.com"
}
Request method:	POST
Request URI:	https://fakestoreapi.com/products
Proxy:			<none>
Request params:	<none>
Query params:	<none>
Form params:	<none>
Path params:	<none>
Headers:		Accept=application/json, application/javascript, text/javascript, text/json
				User-Agent=Mozilla/5.0 (Windows NT 10.0; Win64; x64)
				Connection=keep-alive
				Content-Type=application/json
Cookies:		<none>
Multiparts:		<none>
Body:
{
    "id": 2,
    "title": "titleya3sl",
    "price": 0.1,
    "description": "NNNBBBEEE-valid-notUploaded",
    "category": "string",
    "image": "http://example.com"
}
HTTP/1.1 201 Created
Date: Fri, 21 Aug 2026 08:29:57 GMT
Content-Type: application/json; charset=utf-8
Content-Length: 135
Connection: keep-alive
access-control-allow-origin: *
etag: W/"87-br9GhQ3J/IZnyDRId+Xh5e+91go"
x-powered-by: Express
cf-cache-status: DYNAMIC
Nel: {"report_to":"cf-nel","success_fraction":0.0,"max_age":604800}
Report-To: {"group":"cf-nel","max_age":604800,"endpoints":[{"url":"https://a.nel.cloudflare.com/report/v4?s=b2rsFYe8Z694uUOWTSmYAixUAiXO5XoGUM%2FIZKaCOqP4wze%2BFdqEDA5Z%2F10khe01QTB6Tsmg1xpa3jDG3PYghZFvRyw%2Bu5czvXegEKhaV5dPV5FAUa4rUAfKkMsnBaP82cM2"}]}
Server: cloudflare
CF-RAY: a2e845e13edb3391-MRS
alt-svc: h3=":443"; ma=86400

{
    "id": 21,
    "title": "titleya3sl",
    "price": 0.1,
    "description": "NNNBBBEEE-valid-notUploaded",
    "image": "http://example.com",
    "category": "string"
}
Request method:	POST
Request URI:	https://fakestoreapi.com/products
Proxy:			<none>
Request params:	<none>
Query params:	<none>
Form params:	<none>
Path params:	<none>
Headers:		Accept=application/json, application/javascript, text/javascript, text/json
				User-Agent=Mozilla/5.0 (Windows NT 10.0; Win64; x64)
				Connection=keep-alive
				Content-Type=application/json
Cookies:		<none>
Multiparts:		<none>
Body:
{
    "id": 2,
    "title": "titleya3sl",
    "price": 0.1,
    "description": "NNNBBBEEE-valid-notUploaded",
    "category": "string",
    "image": "http://example.com"
}
Request method:	POST
Request URI:	https://fakestoreapi.com/products
Proxy:			<none>
Request params:	<none>
Query params:	<none>
Form params:	<none>
Path params:	<none>
Headers:		Accept=application/json, application/javascript, text/javascript, text/json
				User-Agent=Mozilla/5.0 (Windows NT 10.0; Win64; x64)
				Connection=keep-alive
				Content-Type=application/json
Cookies:		<none>
Multiparts:		<none>
Body:
{
    "id": 2,
    "title": "titleya3sl",
    "price": 0.1,
    "description": "NNNBBBEEE-valid-notUploaded",
    "category": "string",
    "image": "http://example.com"
}
Request method:	POST
Request URI:	https://fakestoreapi.com/products
Proxy:			<none>
Request params:	<none>
Query params:	<none>
Form params:	<none>
Path params:	<none>
Headers:		Accept=application/json, application/javascript, text/javascript, text/json
				User-Agent=Mozilla/5.0 (Windows NT 10.0; Win64; x64)
				Connection=keep-alive
				Content-Type=application/json
Cookies:		<none>
Multiparts:		<none>
Body:
{
    "id": 2,
    "title": "titleya3sl",
    "price": 0.1,
    "description": "NNNBBBEEE-valid-notUploaded",
    "category": "string",
    "image": "http://example.com"
}
HTTP/1.1 201 Created
Date: Fri, 21 Aug 2026 08:38:12 GMT
Content-Type: application/json; charset=utf-8
Content-Length: 135
Connection: keep-alive
access-control-allow-origin: *
etag: W/"87-br9GhQ3J/IZnyDRId+Xh5e+91go"
x-powered-by: Express
cf-cache-status: DYNAMIC
Nel: {"report_to":"cf-nel","success_fraction":0.0,"max_age":604800}
Report-To: {"group":"cf-nel","max_age":604800,"endpoints":[{"url":"https://a.nel.cloudflare.com/report/v4?s=nJvZpd0ArJvX7btJIHQb7NLTWaKqqgtlqDcyAagqUyRd5H17CVpUJqDKBBQRYftlo1axnLANJolrzxZpkAcJfkgPCtFwlCSg6hCEe2MVFzBizHLoJALH%2BOu0BxoEM5V%2B%2F4ia"}]}
Server: cloudflare
CF-RAY: a2e851f8ec4f636c-MRS
alt-svc: h3=":443"; ma=86400

{
    "id": 21,
    "title": "titleya3sl",
    "price": 0.1,
    "description": "NNNBBBEEE-valid-notUploaded",
    "image": "http://example.com",
    "category": "string"
}
Request method:	POST
Request URI:	https://fakestoreapi.com/products
Proxy:			<none>
Request params:	<none>
Query params:	<none>
Form params:	<none>
Path params:	<none>
Headers:		Accept=application/json, application/javascript, text/javascript, text/json
				User-Agent=Mozilla/5.0 (Windows NT 10.0; Win64; x64)
				Connection=keep-alive
				Content-Type=application/json
Cookies:		<none>
Multiparts:		<none>
Body:
{
    "id": 2,
    "title": "titleya3sl",
    "price": 0.1,
    "description": "NNNBBBEEE-valid-notUploaded",
    "category": "string",
    "image": "http://example.com"
}
HTTP/1.1 201 Created
Date: Fri, 21 Aug 2026 08:40:46 GMT
Content-Type: application/json; charset=utf-8
Content-Length: 135
Connection: keep-alive
access-control-allow-origin: *
etag: W/"87-br9GhQ3J/IZnyDRId+Xh5e+91go"
x-powered-by: Express
cf-cache-status: DYNAMIC
Nel: {"report_to":"cf-nel","success_fraction":0.0,"max_age":604800}
Report-To: {"group":"cf-nel","max_age":604800,"endpoints":[{"url":"https://a.nel.cloudflare.com/report/v4?s=PMJnvh8Cehni3bB7k2W1UGC9GOg2X%2Fk%2BF1z2oGXg35QGe7H5msHZLbJRoVaVRwEQ1jA4vuAC9pSAbzBY78gvU4iuQ%2FnbqsC3qtWReHYr1X5otFcgKd5VMBBcpD%2BXUtbbUhWh"}]}
Server: cloudflare
CF-RAY: a2e855ba2ff03db4-MRS
alt-svc: h3=":443"; ma=86400

{
    "id": 21,
    "title": "titleya3sl",
    "price": 0.1,
    "description": "NNNBBBEEE-valid-notUploaded",
    "image": "http://example.com",
    "category": "string"
}
Request method:	POST
Request URI:	https://cbefakestoreapi.com/products
Proxy:			<none>
Request params:	<none>
Query params:	<none>
Form params:	<none>
Path params:	<none>
Headers:		Accept=application/json, application/javascript, text/javascript, text/json
				User-Agent=Mozilla/5.0 (Windows NT 10.0; Win64; x64)
				Connection=keep-alive
				Content-Type=application/json
Cookies:		<none>
Multiparts:		<none>
Body:
{
    "id": 2,
    "title": "titleya3sl",
    "price": 0.1,
    "description": "CCCBBBEEE-valid-notUploaded",
    "category": "string",
    "image": "http://example.com"
}
Request method:	POST
Request URI:	https://fakestoreapi.com/products
Proxy:			<none>
Request params:	<none>
Query params:	<none>
Form params:	<none>
Path params:	<none>
Headers:		Accept=application/json, application/javascript, text/javascript, text/json
				User-Agent=Mozilla/5.0 (Windows NT 10.0; Win64; x64)
				Connection=keep-alive
				Content-Type=application/json
Cookies:		<none>
Multiparts:		<none>
Body:
{
    "id": 2,
    "title": "titleya3sl",
    "price": 0.1,
    "description": "NNNBBBEEE-valid-notUploaded",
    "category": "string",
    "image": "http://example.com"
}
HTTP/1.1 201 Created
Date: Fri, 21 Aug 2026 08:44:17 GMT
Content-Type: application/json; charset=utf-8
Content-Length: 135
Connection: keep-alive
access-control-allow-origin: *
etag: W/"87-br9GhQ3J/IZnyDRId+Xh5e+91go"
x-powered-by: Express
cf-cache-status: DYNAMIC
Nel: {"report_to":"cf-nel","success_fraction":0.0,"max_age":604800}
Report-To: {"group":"cf-nel","max_age":604800,"endpoints":[{"url":"https://a.nel.cloudflare.com/report/v4?s=HKZcxUryCozn0OQTe0dA%2ByukdGuBvUzh2MghVSPNbTbLYRQAPx5%2FFBYX72kviNthTVehXgqLmRJ4tTX%2FWj9JfiTqdH8pdksJbZVkCnHAlmhZxar0%2BItEnbSh066PevWUqzl2"}]}
Server: cloudflare
CF-RAY: a2e85ae21fbd121e-MRS
alt-svc: h3=":443"; ma=86400

{
    "id": 21,
    "title": "titleya3sl",
    "price": 0.1,
    "description": "NNNBBBEEE-valid-notUploaded",
    "image": "http://example.com",
    "category": "string"
}
Request method:	POST
Request URI:	https://fakestoreapi.com/products
Proxy:			<none>
Request params:	<none>
Query params:	<none>
Form params:	<none>
Path params:	<none>
Headers:		Accept=application/json, application/javascript, text/javascript, text/json
				User-Agent=Mozilla/5.0 (Windows NT 10.0; Win64; x64)
				Connection=keep-alive
				Content-Type=application/json
Cookies:		<none>
Multiparts:		<none>
Body:
{
    "id": 2,
    "title": "titleya3sl",
    "price": 0.1,
    "description": "NNNBBBEEE-valid-notUploaded",
    "category": "string",
    "image": "http://example.com"
}
HTTP/1.1 201 Created
Date: Fri, 21 Aug 2026 08:46:51 GMT
Content-Type: application/json; charset=utf-8
Content-Length: 135
Connection: keep-alive
access-control-allow-origin: *
etag: W/"87-br9GhQ3J/IZnyDRId+Xh5e+91go"
x-powered-by: Express
cf-cache-status: DYNAMIC
Nel: {"report_to":"cf-nel","success_fraction":0.0,"max_age":604800}
Report-To: {"group":"cf-nel","max_age":604800,"endpoints":[{"url":"https://a.nel.cloudflare.com/report/v4?s=8GEEE0ZssgncOv9uxIgXKiYoAO6AMeTfnUd%2FthENgZWCqQMp4hlnWqJYMhUOjUSlGVFt7mOkBn8%2FLWq1Rbfk9yh2OQpBno2d%2B1ZvjlzdBLE%2BViOXdgpeR27%2BH0hhbHBzuF%2BL"}]}
Server: cloudflare
CF-RAY: a2e85ea34f604329-MRS
alt-svc: h3=":443"; ma=86400

{
    "id": 21,
    "title": "titleya3sl",
    "price": 0.1,
    "description": "NNNBBBEEE-valid-notUploaded",
    "image": "http://example.com",
    "category": "string"
}
Request method:	POST
Request URI:	https://fakestoreapi.com/products
Proxy:			<none>
Request params:	<none>
Query params:	<none>
Form params:	<none>
Path params:	<none>
Headers:		Accept=application/json, application/javascript, text/javascript, text/json
				User-Agent=Mozilla/5.0 (Windows NT 10.0; Win64; x64)
				Connection=keep-alive
				Content-Type=application/json
Cookies:		<none>
Multiparts:		<none>
Body:
{
    "id": 2,
    "title": "titleya3sl",
    "price": 0.1,
    "description": "NNNBBBEEE-valid-notUploaded",
    "category": "string",
    "image": "http://example.com"
}
Request method:	POST
Request URI:	https://fakestoreapi.com/products
Proxy:			<none>
Request params:	<none>
Query params:	<none>
Form params:	<none>
Path params:	<none>
Headers:		Accept=application/json, application/javascript, text/javascript, text/json
				User-Agent=Mozilla/5.0 (Windows NT 10.0; Win64; x64)
				Connection=keep-alive
				Content-Type=application/json
Cookies:		<none>
Multiparts:		<none>
Body:
{
    "id": 2,
    "title": "titleya3sl",
    "price": 0.1,
    "description": "NNNBBBEEE-valid-notUploaded",
    "category": "string",
    "image": "http://example.com"
}
HTTP/1.1 201 Created
Date: Fri, 21 Aug 2026 08:51:40 GMT
Content-Type: application/json; charset=utf-8
Content-Length: 135
Connection: keep-alive
access-control-allow-origin: *
etag: W/"87-br9GhQ3J/IZnyDRId+Xh5e+91go"
x-powered-by: Express
cf-cache-status: DYNAMIC
Nel: {"report_to":"cf-nel","success_fraction":0.0,"max_age":604800}
Report-To: {"group":"cf-nel","max_age":604800,"endpoints":[{"url":"https://a.nel.cloudflare.com/report/v4?s=QHQQKfiIwcHZnXMYvLWMYz5PqkFsa0SckGSRA5v9lwnUbkqIh0LnJl5oIBxpxB0%2Bf2TwyNuv7GfEwTLIduJ5KJNQ8DTI%2Bp4rqRvPPoix9YZ7ZTTpVh7iGeJwzEgaFqJQ5WZB"}]}
Server: cloudflare
CF-RAY: a2e865b2de7e61ee-MRS
alt-svc: h3=":443"; ma=86400

{
    "id": 21,
    "title": "titleya3sl",
    "price": 0.1,
    "description": "NNNBBBEEE-valid-notUploaded",
    "image": "http://example.com",
    "category": "string"
}
Request method:	POST
Request URI:	https://fakestoreapi.com/products
Proxy:			<none>
Request params:	<none>
Query params:	<none>
Form params:	<none>
Path params:	<none>
Headers:		Accept=application/json, application/javascript, text/javascript, text/json
				User-Agent=Mozilla/5.0 (Windows NT 10.0; Win64; x64)
				Connection=keep-alive
				Content-Type=application/json
Cookies:		<none>
Multiparts:		<none>
Body:
{
    "id": 2,
    "title": "titleya3sl",
    "price": 0.1,
    "description": "NNNBBBEEE-invalid-notUploaded",
    "category": "string",
    "image": "http://example.com"
}
HTTP/1.1 201 Created
Date: Fri, 21 Aug 2026 08:52:02 GMT
Content-Type: application/json; charset=utf-8
Content-Length: 137
Connection: keep-alive
access-control-allow-origin: *
etag: W/"89-SwCsSp8ILZGflb2zKmdnCQw1jTs"
x-powered-by: Express
cf-cache-status: DYNAMIC
Nel: {"report_to":"cf-nel","success_fraction":0.0,"max_age":604800}
Report-To: {"group":"cf-nel","max_age":604800,"endpoints":[{"url":"https://a.nel.cloudflare.com/report/v4?s=6s92FxzSqvhMxq9Km8KCjgitd0eidfQ%2FElLeTpW%2FIjEETbaX4CpnqGwEeAS8ixakBGVJnNJA%2BrOs2TTytFE5qHkn1NqBe0YZ6ZdIzy9gqudTvtKXyiPKo0flrISVCr2lQsFC"}]}
Server: cloudflare
CF-RAY: a2e866399a0be167-MRS
alt-svc: h3=":443"; ma=86400

{
    "id": 21,
    "title": "titleya3sl",
    "price": 0.1,
    "description": "NNNBBBEEE-invalid-notUploaded",
    "image": "http://example.com",
    "category": "string"
}
Request method:	POST
Request URI:	https://fakestoreapi.com/products
Proxy:			<none>
Request params:	<none>
Query params:	<none>
Form params:	<none>
Path params:	<none>
Headers:		Accept=application/json, application/javascript, text/javascript, text/json
				User-Agent=Mozilla/5.0 (Windows NT 10.0; Win64; x64)
				Connection=keep-alive
				Content-Type=application/json
Cookies:		<none>
Multiparts:		<none>
Body:
{
    "id": 2,
    "title": "titleya3sl",
    "price": 0.1,
    "description": "NNNBBBEEE-invalid-notUploaded",
    "category": "string",
    "image": "http://example.com"
}
